// Jest Snapshot v1, https://goo.gl/fbAQLP

exports[`renders corectly 1`] = `
<div
  className="film-grid-item"
>
  <img
    src={undefined}
  />
  <h4>
       [ 
     ]
  </h4>
  <p />
</div>
`;
